C51 COMPILER V9.60.7.0   TIME                                                              11/07/2025 22:16:35 PAGE 1   


C51 COMPILER V9.60.7.0, COMPILATION OF MODULE TIME
OBJECT MODULE PLACED IN .\Objects\Time.obj
COMPILER INVOKED BY: C:\Software\Keil\Core\C51\BIN\C51.EXE Time.c OPTIMIZE(8,SPEED) BROWSE DEBUG OBJECTEXTEND PRINT(.\Li
                    -stings\Time.lst) OBJECT(.\Objects\Time.obj)

line level    source

   1          
   2          
   3          // 显示秒表计时值
   4          void ShowStopwatch() {
   5   1          unsigned int seconds = StopwatchTime / 1000; // 计算秒
*** ERROR C202 IN LINE 5 OF Time.c: 'StopwatchTime': undefined identifier
   6   1          unsigned int milliseconds = StopwatchTime % 1000; // 计算毫秒
*** ERROR C202 IN LINE 6 OF Time.c: 'StopwatchTime': undefined identifier
   7   1      
   8   1          LCD_ShowNum(2, 1, seconds / 60, 2); // 显示分钟
   9   1          LCD_ShowChar(2, 3, ':');           // 显示冒号
  10   1          LCD_ShowNum(2, 4, seconds % 60, 2); // 显示秒
  11   1          LCD_ShowChar(2, 6, '.');           // 显示小数点
  12   1          LCD_ShowNum(2, 7, milliseconds / 10, 2); // 显示毫秒（取前两位）
  13   1      }
  14          
  15          
  16          void TimeShow(void)//时间显示功能
  17          {       
  18   1              DS1302_ReadTime();//读取时间
  19   1              LCD_ShowNum(1,1,DS1302_Time[0],2);//显示年
  20   1              LCD_ShowNum(1,4,DS1302_Time[1],2);//显示月
  21   1              LCD_ShowNum(1,7,DS1302_Time[2],2);//显示日
  22   1              LCD_ShowNum(2,1,DS1302_Time[3],2);//显示时
  23   1              LCD_ShowNum(2,4,DS1302_Time[4],2);//显示分
  24   1              LCD_ShowNum(2,7,DS1302_Time[5],2);//显示秒
  25   1              LCD_ShowString(2, 10, "W:");          // 显示星期
  26   1              LCD_ShowNum(2, 12, DS1302_Time[6], 1); // 显示星期值
  27   1      }
  28          
  29          //时间设置功能
  30          void TimeSet(char* TimeArray,unsigned char* SelectPtr){
  31   1          
  32   1              if(KeyNum==2)//按键2按下
  33   1              {
  34   2                      (*SelectPtr)++;//设置选择位加1
  35   2                      *SelectPtr%=7;//越界清零
  36   2              }
  37   1              if(KeyNum==3)//按键3按下
  38   1              {
  39   2                      TimeArray[*SelectPtr]++;//时间设置位数值加1
  40   2                       
  41   2                      if(TimeArray[0]>99){TimeArray[0]=0;}//年越界判断
  42   2                      if(TimeArray[1]>12){TimeArray[1]=1;}//月越界判断
  43   2      
  44   2                      if( TimeArray[1]==1 || TimeArray[1]==3 || TimeArray[1]==5 || TimeArray[1]==7 || 
  45   2                              TimeArray[1]==8 || TimeArray[1]==10 || TimeArray[1]==12)//日越界判断
  46   2                      {
  47   3                              if(TimeArray[2]>31){TimeArray[2]=1;}//大月
  48   3                      }
  49   2                      else if(TimeArray[1]==4 || TimeArray[1]==6 || TimeArray[1]==9 || TimeArray[1]==11)
  50   2                      {
  51   3                              if(TimeArray[2]>30){TimeArray[2]=1;}//小月
  52   3                      }
C51 COMPILER V9.60.7.0   TIME                                                              11/07/2025 22:16:35 PAGE 2   

  53   2                      else if(TimeArray[1]==2)
  54   2                      {
  55   3                              if(TimeArray[0]%4==0)
  56   3                              {
  57   4                                      if(TimeArray[2]>29){TimeArray[2]=1;}//闰年2月
  58   4                              }
  59   3                              else
  60   3                              {
  61   4                                      if(TimeArray[2]>28){TimeArray[2]=1;}//平年2月
  62   4                              }
  63   3                      }
  64   2                      TimeArray[6] = CalculateWeekday(TimeArray[0], TimeArray[1], TimeArray[2]);//更新星期
  65   2                      if(TimeArray[3]>23){TimeArray[3]=0;}//时越界判断
  66   2                      if(TimeArray[4]>59){TimeArray[4]=0;}//分越界判断
  67   2                      if(TimeArray[5]>59){TimeArray[5]=0;}//秒越界判断
  68   2                      if(TimeArray[6]>6){TimeArray[6]=0;}//星期越界判断
  69   2      
  70   2              }
  71   1              if(KeyNum==4)//按键4按下
  72   1              {
  73   2                      TimeArray[*SelectPtr]--;//时间设置位数值减1
  74   2                      if(TimeArray[0]<0){TimeArray[0]=99;}//年越界判断
  75   2                      if(TimeArray[1]<1){TimeArray[1]=12;}//月越界判断
  76   2                      if( TimeArray[1]==1 || TimeArray[1]==3 || TimeArray[1]==5 || TimeArray[1]==7 || 
  77   2                              TimeArray[1]==8 || TimeArray[1]==10 || TimeArray[1]==12)//日越界判断
  78   2                      {
  79   3                              if(TimeArray[2]<1){TimeArray[2]=31;}//大月
  80   3                              if(TimeArray[2]>31){TimeArray[2]=1;}
  81   3                      }
  82   2                      else if(TimeArray[1]==4 || TimeArray[1]==6 || TimeArray[1]==9 || TimeArray[1]==11)
  83   2                      {
  84   3                              if(TimeArray[2]<1){TimeArray[2]=30;}//小月
  85   3                              if(TimeArray[2]>30){TimeArray[2]=1;}
  86   3                      }
  87   2                      else if(TimeArray[1]==2)
  88   2                      {
  89   3                              if(TimeArray[0]%4==0)
  90   3                              {
  91   4                                      if(TimeArray[2]<1){TimeArray[2]=29;}//闰年2月
  92   4                                      if(TimeArray[2]>29){TimeArray[2]=1;}
  93   4                              }
  94   3                              else
  95   3                              {
  96   4                                      if(TimeArray[2]<1){TimeArray[2]=28;}//平年2月
  97   4                                      if(TimeArray[2]>28){TimeArray[2]=1;}
  98   4                              }
  99   3                      }
 100   2                      if(TimeArray[3]<0){TimeArray[3]=23;}//时越界判断
 101   2                      if(TimeArray[4]<0){TimeArray[4]=59;}//分越界判断
 102   2                      if(TimeArray[5]<0){TimeArray[5]=59;}//秒越界判断
 103   2                      if(TimeArray[6]<0){TimeArray[6]=6;}//星期越界判断
 104   2                      TimeArray[6] = CalculateWeekday(TimeArray[0], TimeArray[1], TimeArray[2]);
 105   2              }
 106   1              //更新显示，根据TimeSetSelect和TimeSetFlashFlag判断可完成闪烁功能
 107   1              if(*SelectPtr==0 && TimeSetFlashFlag==1){LCD_ShowString(1,1,"  ");}
 108   1              else {LCD_ShowNum(1,1,TimeArray[0],2);}
 109   1              if(*SelectPtr==1 && TimeSetFlashFlag==1){LCD_ShowString(1,4,"  ");}
 110   1              else {LCD_ShowNum(1,4,TimeArray[1],2);}
 111   1              if(*SelectPtr==2 && TimeSetFlashFlag==1){LCD_ShowString(1,7,"  ");}
 112   1              else {LCD_ShowNum(1,7,TimeArray[2],2);}
 113   1              if(*SelectPtr==3 && TimeSetFlashFlag==1){LCD_ShowString(2,1,"  ");}
 114   1              else {LCD_ShowNum(2,1,TimeArray[3],2);}
C51 COMPILER V9.60.7.0   TIME                                                              11/07/2025 22:16:35 PAGE 3   

 115   1              if(*SelectPtr==4 && TimeSetFlashFlag==1){LCD_ShowString(2,4,"  ");}
 116   1              else {LCD_ShowNum(2,4,TimeArray[4],2);}
 117   1              if(*SelectPtr==5 && TimeSetFlashFlag==1){LCD_ShowString(2,7,"  ");}
 118   1              else {LCD_ShowNum(2,7,TimeArray[5],2);}
 119   1              if(*SelectPtr==6 && TimeSetFlashFlag==1){LCD_ShowString(2,12,"  ");}
 120   1              else {LCD_ShowNum(2,12,TimeArray[6],1);}
 121   1      }
 122          
 123          
 124          //闹钟功能函数实现
 125          void CheckAlarm() {
 126   1          if (DS1302_Time[0] == AlarmTime[0] && 
 127   1              DS1302_Time[1] == AlarmTime[1] && 
 128   1              DS1302_Time[2] == AlarmTime[2] &&
 129   1                      DS1302_Time[3] == AlarmTime[3] &&
 130   1                      DS1302_Time[4] == AlarmTime[4] &&
 131   1                      DS1302_Time[5] == AlarmTime[5] &&
 132   1                      DS1302_Time[6] == AlarmTime[6]) {
 133   2              AlarmFlag = 1; // 触发闹钟
 134   2                      BuzzerState = 1;
 135   2                      }else {
 136   2              AlarmFlag = 0; // 关闭闹钟
 137   2          }
 138   1      }
 139          
 140          
 141          //星期计算函数实现
 142          unsigned char CalculateWeekday(int year, int month, int day) {
 143   1              unsigned char weekday;
 144   1          if (month < 3) {
 145   2              month += 12;
 146   2              year--;
 147   2          }
 148   1          weekday = (day + 2 * month + 3 * (month + 1) / 5 + year + year / 4 - year / 100 + year / 400) % 7;
 149   1          return (weekday + 1);
 150   1      }

C51 COMPILATION COMPLETE.  0 WARNING(S),  2 ERROR(S)
